Archive member included because of file (symbol)

c:/users/ziad/downloads/sdk_win_64/winavr/bin/../lib/gcc/avr/4.3.3/avr5\libgcc.a(_mulsi3.o)
                              ./PWM/PWM.o (__mulsi3)
c:/users/ziad/downloads/sdk_win_64/winavr/bin/../lib/gcc/avr/4.3.3/avr5\libgcc.a(_divmodhi4.o)
                              ./LCD/LCD.o (__divmodhi4)
c:/users/ziad/downloads/sdk_win_64/winavr/bin/../lib/gcc/avr/4.3.3/avr5\libgcc.a(_divmodsi4.o)
                              ./GLCD/GLCD.o (__divmodsi4)
c:/users/ziad/downloads/sdk_win_64/winavr/bin/../lib/gcc/avr/4.3.3/avr5\libgcc.a(_exit.o)
                              c:/users/ziad/downloads/sdk_win_64/winavr/bin/../lib/gcc/avr/4.3.3/../../../../avr/lib/avr5/crtm32.o (exit)
c:/users/ziad/downloads/sdk_win_64/winavr/bin/../lib/gcc/avr/4.3.3/avr5\libgcc.a(_copy_data.o)
                              ./PWM/PWM_Lconfig.o (__do_copy_data)
c:/users/ziad/downloads/sdk_win_64/winavr/bin/../lib/gcc/avr/4.3.3/avr5\libgcc.a(_clear_bss.o)
                              ./PWM/PWM.o (__do_clear_bss)
c:/users/ziad/downloads/sdk_win_64/winavr/bin/../lib/gcc/avr/4.3.3/avr5\libgcc.a(_lshrdi3.o)
                              ./GLCD/GLCD.o (__lshrdi3)
c:/users/ziad/downloads/sdk_win_64/winavr/bin/../lib/gcc/avr/4.3.3/avr5\libgcc.a(_fixunssfsi.o)
                              ./PWM/PWM.o (__fixunssfsi)
c:/users/ziad/downloads/sdk_win_64/winavr/bin/../lib/gcc/avr/4.3.3/avr5\libgcc.a(_addsub_sf.o)
                              ./PWM/PWM.o (__subsf3)
c:/users/ziad/downloads/sdk_win_64/winavr/bin/../lib/gcc/avr/4.3.3/avr5\libgcc.a(_mul_sf.o)
                              ./PWM/PWM.o (__mulsf3)
c:/users/ziad/downloads/sdk_win_64/winavr/bin/../lib/gcc/avr/4.3.3/avr5\libgcc.a(_div_sf.o)
                              ./PWM/PWM.o (__divsf3)
c:/users/ziad/downloads/sdk_win_64/winavr/bin/../lib/gcc/avr/4.3.3/avr5\libgcc.a(_ge_sf.o)
                              c:/users/ziad/downloads/sdk_win_64/winavr/bin/../lib/gcc/avr/4.3.3/avr5\libgcc.a(_fixunssfsi.o) (__gesf2)
c:/users/ziad/downloads/sdk_win_64/winavr/bin/../lib/gcc/avr/4.3.3/avr5\libgcc.a(_si_to_sf.o)
                              ./PWM/PWM.o (__floatsisf)
c:/users/ziad/downloads/sdk_win_64/winavr/bin/../lib/gcc/avr/4.3.3/avr5\libgcc.a(_sf_to_si.o)
                              c:/users/ziad/downloads/sdk_win_64/winavr/bin/../lib/gcc/avr/4.3.3/avr5\libgcc.a(_fixunssfsi.o) (__fixsfsi)
c:/users/ziad/downloads/sdk_win_64/winavr/bin/../lib/gcc/avr/4.3.3/avr5\libgcc.a(_thenan_sf.o)
                              c:/users/ziad/downloads/sdk_win_64/winavr/bin/../lib/gcc/avr/4.3.3/avr5\libgcc.a(_addsub_sf.o) (__thenan_sf)
c:/users/ziad/downloads/sdk_win_64/winavr/bin/../lib/gcc/avr/4.3.3/avr5\libgcc.a(_usi_to_sf.o)
                              ./PWM/PWM.o (__floatunsisf)
c:/users/ziad/downloads/sdk_win_64/winavr/bin/../lib/gcc/avr/4.3.3/avr5\libgcc.a(_udivmodhi4.o)
                              c:/users/ziad/downloads/sdk_win_64/winavr/bin/../lib/gcc/avr/4.3.3/avr5\libgcc.a(_divmodhi4.o) (__udivmodhi4)
c:/users/ziad/downloads/sdk_win_64/winavr/bin/../lib/gcc/avr/4.3.3/avr5\libgcc.a(_udivmodsi4.o)
                              c:/users/ziad/downloads/sdk_win_64/winavr/bin/../lib/gcc/avr/4.3.3/avr5\libgcc.a(_divmodsi4.o) (__udivmodsi4)
c:/users/ziad/downloads/sdk_win_64/winavr/bin/../lib/gcc/avr/4.3.3/avr5\libgcc.a(_prologue.o)
                              c:/users/ziad/downloads/sdk_win_64/winavr/bin/../lib/gcc/avr/4.3.3/avr5\libgcc.a(_addsub_sf.o) (__prologue_saves__)
c:/users/ziad/downloads/sdk_win_64/winavr/bin/../lib/gcc/avr/4.3.3/avr5\libgcc.a(_epilogue.o)
                              c:/users/ziad/downloads/sdk_win_64/winavr/bin/../lib/gcc/avr/4.3.3/avr5\libgcc.a(_addsub_sf.o) (__epilogue_restores__)
c:/users/ziad/downloads/sdk_win_64/winavr/bin/../lib/gcc/avr/4.3.3/avr5\libgcc.a(_clzsi2.o)
                              c:/users/ziad/downloads/sdk_win_64/winavr/bin/../lib/gcc/avr/4.3.3/avr5\libgcc.a(_si_to_sf.o) (__clzsi2)
c:/users/ziad/downloads/sdk_win_64/winavr/bin/../lib/gcc/avr/4.3.3/avr5\libgcc.a(_pack_sf.o)
                              c:/users/ziad/downloads/sdk_win_64/winavr/bin/../lib/gcc/avr/4.3.3/avr5\libgcc.a(_addsub_sf.o) (__pack_f)
c:/users/ziad/downloads/sdk_win_64/winavr/bin/../lib/gcc/avr/4.3.3/avr5\libgcc.a(_unpack_sf.o)
                              c:/users/ziad/downloads/sdk_win_64/winavr/bin/../lib/gcc/avr/4.3.3/avr5\libgcc.a(_addsub_sf.o) (__unpack_f)
c:/users/ziad/downloads/sdk_win_64/winavr/bin/../lib/gcc/avr/4.3.3/avr5\libgcc.a(_fpcmp_parts_sf.o)
                              c:/users/ziad/downloads/sdk_win_64/winavr/bin/../lib/gcc/avr/4.3.3/avr5\libgcc.a(_ge_sf.o) (__fpcmp_parts_f)
c:/users/ziad/downloads/sdk_win_64/winavr/bin/../lib/gcc/avr/4.3.3/avr5\libgcc.a(_clz.o)
                              c:/users/ziad/downloads/sdk_win_64/winavr/bin/../lib/gcc/avr/4.3.3/avr5\libgcc.a(_clzsi2.o) (__clz_tab)

Memory Configuration

Name             Origin             Length             Attributes
text             0x00000000         0x00020000         xr
data             0x00800060         0x0000ffa0         rw !x
eeprom           0x00810000         0x00010000         rw !x
fuse             0x00820000         0x00000400         rw !x
lock             0x00830000         0x00000400         rw !x
signature        0x00840000         0x00000400         rw !x
*default*        0x00000000         0xffffffff

Linker script and memory map

LOAD c:/users/ziad/downloads/sdk_win_64/winavr/bin/../lib/gcc/avr/4.3.3/../../../../avr/lib/avr5/crtm32.o
LOAD ./PWM/PWM.o
LOAD ./PWM/PWM_Lconfig.o
LOAD ./LCD/LCD.o
LOAD ./ICU/ICU.o
LOAD ./ICU/ICU_Lconfig.o
LOAD ./GPT/GPT.o
LOAD ./GPT/GPT_Lconfig.o
LOAD ./GLCD/GLCD.o
LOAD ./DIO/DIO.o
LOAD ./APP/PWM_Drawer.o
LOAD ./main.o
LOAD c:/users/ziad/downloads/sdk_win_64/winavr/bin/../lib/gcc/avr/4.3.3/avr5\libgcc.a
LOAD c:/users/ziad/downloads/sdk_win_64/winavr/bin/../lib/gcc/avr/4.3.3/../../../../avr/lib/avr5\libc.a
LOAD c:/users/ziad/downloads/sdk_win_64/winavr/bin/../lib/gcc/avr/4.3.3/avr5\libgcc.a

.hash
 *(.hash)

.dynsym
 *(.dynsym)

.dynstr
 *(.dynstr)

.gnu.version
 *(.gnu.version)

.gnu.version_d
 *(.gnu.version_d)

.gnu.version_r
 *(.gnu.version_r)

.rel.init
 *(.rel.init)

.rela.init
 *(.rela.init)

.rel.text
 *(.rel.text)
 *(.rel.text.*)
 *(.rel.gnu.linkonce.t*)

.rela.text
 *(.rela.text)
 *(.rela.text.*)
 *(.rela.gnu.linkonce.t*)

.rel.fini
 *(.rel.fini)

.rela.fini
 *(.rela.fini)

.rel.rodata
 *(.rel.rodata)
 *(.rel.rodata.*)
 *(.rel.gnu.linkonce.r*)

.rela.rodata
 *(.rela.rodata)
 *(.rela.rodata.*)
 *(.rela.gnu.linkonce.r*)

.rel.data
 *(.rel.data)
 *(.rel.data.*)
 *(.rel.gnu.linkonce.d*)

.rela.data
 *(.rela.data)
 *(.rela.data.*)
 *(.rela.gnu.linkonce.d*)

.rel.ctors
 *(.rel.ctors)

.rela.ctors
 *(.rela.ctors)

.rel.dtors
 *(.rel.dtors)

.rela.dtors
 *(.rela.dtors)

.rel.got
 *(.rel.got)

.rela.got
 *(.rela.got)

.rel.bss
 *(.rel.bss)

.rela.bss
 *(.rela.bss)

.rel.plt
 *(.rel.plt)

.rela.plt
 *(.rela.plt)

.text           0x00000000     0x2daa
 *(.vectors)
 .vectors       0x00000000       0x54 c:/users/ziad/downloads/sdk_win_64/winavr/bin/../lib/gcc/avr/4.3.3/../../../../avr/lib/avr5/crtm32.o
                0x00000000                __vectors
                0x00000000                __vector_default
 *(.vectors)
 *(.progmem.gcc*)
 .progmem.gcc_sw_table
                0x00000054       0xb6 ./GLCD/GLCD.o
 *(.progmem*)
                0x0000010a                . = ALIGN (0x2)
                0x0000010a                __trampolines_start = .
 *(.trampolines)
 .trampolines   0x0000010a        0x0 linker stubs
 *(.trampolines*)
                0x0000010a                __trampolines_end = .
 *(.jumptables)
 *(.jumptables*)
 *(.lowtext)
 *(.lowtext*)
                0x0000010a                __ctors_start = .
 *(.ctors)
                0x0000010a                __ctors_end = .
                0x0000010a                __dtors_start = .
 *(.dtors)
                0x0000010a                __dtors_end = .
 SORT(*)(.ctors)
 SORT(*)(.dtors)
 *(.init0)
 .init0         0x0000010a        0x0 c:/users/ziad/downloads/sdk_win_64/winavr/bin/../lib/gcc/avr/4.3.3/../../../../avr/lib/avr5/crtm32.o
                0x0000010a                __init
 *(.init0)
 *(.init1)
 *(.init1)
 *(.init2)
 .init2         0x0000010a        0xc c:/users/ziad/downloads/sdk_win_64/winavr/bin/../lib/gcc/avr/4.3.3/../../../../avr/lib/avr5/crtm32.o
 *(.init2)
 *(.init3)
 *(.init3)
 *(.init4)
 .init4         0x00000116       0x16 c:/users/ziad/downloads/sdk_win_64/winavr/bin/../lib/gcc/avr/4.3.3/avr5\libgcc.a(_copy_data.o)
                0x00000116                __do_copy_data
 .init4         0x0000012c       0x10 c:/users/ziad/downloads/sdk_win_64/winavr/bin/../lib/gcc/avr/4.3.3/avr5\libgcc.a(_clear_bss.o)
                0x0000012c                __do_clear_bss
 *(.init4)
 *(.init5)
 *(.init5)
 *(.init6)
 *(.init6)
 *(.init7)
 *(.init7)
 *(.init8)
 *(.init8)
 *(.init9)
 .init9         0x0000013c        0x8 c:/users/ziad/downloads/sdk_win_64/winavr/bin/../lib/gcc/avr/4.3.3/../../../../avr/lib/avr5/crtm32.o
 *(.init9)
 *(.text)
 .text          0x00000144        0x4 c:/users/ziad/downloads/sdk_win_64/winavr/bin/../lib/gcc/avr/4.3.3/../../../../avr/lib/avr5/crtm32.o
                0x00000144                __vector_1
                0x00000144                __vector_12
                0x00000144                __bad_interrupt
                0x00000144                __vector_6
                0x00000144                __vector_3
                0x00000144                __vector_11
                0x00000144                __vector_13
                0x00000144                __vector_17
                0x00000144                __vector_19
                0x00000144                __vector_7
                0x00000144                __vector_5
                0x00000144                __vector_4
                0x00000144                __vector_9
                0x00000144                __vector_2
                0x00000144                __vector_15
                0x00000144                __vector_8
                0x00000144                __vector_14
                0x00000144                __vector_10
                0x00000144                __vector_16
                0x00000144                __vector_18
                0x00000144                __vector_20
 .text          0x00000148        0x0 ./PWM/PWM.o
 .text          0x00000148        0x0 ./PWM/PWM_Lconfig.o
 .text          0x00000148        0x0 ./LCD/LCD.o
 .text          0x00000148        0x0 ./ICU/ICU.o
 .text          0x00000148        0x0 ./ICU/ICU_Lconfig.o
 .text          0x00000148        0x0 ./GPT/GPT.o
 .text          0x00000148        0x0 ./GPT/GPT_Lconfig.o
 .text          0x00000148        0x0 ./GLCD/GLCD.o
 .text          0x00000148        0x0 ./DIO/DIO.o
 .text          0x00000148        0x0 ./APP/PWM_Drawer.o
 .text          0x00000148        0x0 ./main.o
 .text          0x00000148        0x0 c:/users/ziad/downloads/sdk_win_64/winavr/bin/../lib/gcc/avr/4.3.3/avr5\libgcc.a(_mulsi3.o)
 .text          0x00000148        0x0 c:/users/ziad/downloads/sdk_win_64/winavr/bin/../lib/gcc/avr/4.3.3/avr5\libgcc.a(_divmodhi4.o)
 .text          0x00000148        0x0 c:/users/ziad/downloads/sdk_win_64/winavr/bin/../lib/gcc/avr/4.3.3/avr5\libgcc.a(_divmodsi4.o)
 .text          0x00000148        0x0 c:/users/ziad/downloads/sdk_win_64/winavr/bin/../lib/gcc/avr/4.3.3/avr5\libgcc.a(_exit.o)
 .text          0x00000148        0x0 c:/users/ziad/downloads/sdk_win_64/winavr/bin/../lib/gcc/avr/4.3.3/avr5\libgcc.a(_copy_data.o)
 .text          0x00000148        0x0 c:/users/ziad/downloads/sdk_win_64/winavr/bin/../lib/gcc/avr/4.3.3/avr5\libgcc.a(_clear_bss.o)
 .text          0x00000148       0xfe c:/users/ziad/downloads/sdk_win_64/winavr/bin/../lib/gcc/avr/4.3.3/avr5\libgcc.a(_lshrdi3.o)
                0x00000148                __lshrdi3
 .text          0x00000246       0x58 c:/users/ziad/downloads/sdk_win_64/winavr/bin/../lib/gcc/avr/4.3.3/avr5\libgcc.a(_fixunssfsi.o)
                0x00000246                __fixunssfsi
 .text          0x0000029e      0x354 c:/users/ziad/downloads/sdk_win_64/winavr/bin/../lib/gcc/avr/4.3.3/avr5\libgcc.a(_addsub_sf.o)
                0x00000536                __subsf3
                0x00000598                __addsf3
 .text          0x000005f2      0x1f4 c:/users/ziad/downloads/sdk_win_64/winavr/bin/../lib/gcc/avr/4.3.3/avr5\libgcc.a(_mul_sf.o)
                0x000005f2                __mulsf3
 .text          0x000007e6      0x158 c:/users/ziad/downloads/sdk_win_64/winavr/bin/../lib/gcc/avr/4.3.3/avr5\libgcc.a(_div_sf.o)
                0x000007e6                __divsf3
 .text          0x0000093e       0x60 c:/users/ziad/downloads/sdk_win_64/winavr/bin/../lib/gcc/avr/4.3.3/avr5\libgcc.a(_ge_sf.o)
                0x0000093e                __gesf2
 .text          0x0000099e       0xbc c:/users/ziad/downloads/sdk_win_64/winavr/bin/../lib/gcc/avr/4.3.3/avr5\libgcc.a(_si_to_sf.o)
                0x0000099e                __floatsisf
 .text          0x00000a5a       0xa8 c:/users/ziad/downloads/sdk_win_64/winavr/bin/../lib/gcc/avr/4.3.3/avr5\libgcc.a(_sf_to_si.o)
                0x00000a5a                __fixsfsi
 .text          0x00000b02        0x0 c:/users/ziad/downloads/sdk_win_64/winavr/bin/../lib/gcc/avr/4.3.3/avr5\libgcc.a(_thenan_sf.o)
 .text          0x00000b02       0xf2 c:/users/ziad/downloads/sdk_win_64/winavr/bin/../lib/gcc/avr/4.3.3/avr5\libgcc.a(_usi_to_sf.o)
                0x00000b02                __floatunsisf
 .text          0x00000bf4        0x0 c:/users/ziad/downloads/sdk_win_64/winavr/bin/../lib/gcc/avr/4.3.3/avr5\libgcc.a(_udivmodhi4.o)
 .text          0x00000bf4        0x0 c:/users/ziad/downloads/sdk_win_64/winavr/bin/../lib/gcc/avr/4.3.3/avr5\libgcc.a(_udivmodsi4.o)
 .text          0x00000bf4        0x0 c:/users/ziad/downloads/sdk_win_64/winavr/bin/../lib/gcc/avr/4.3.3/avr5\libgcc.a(_prologue.o)
 .text          0x00000bf4        0x0 c:/users/ziad/downloads/sdk_win_64/winavr/bin/../lib/gcc/avr/4.3.3/avr5\libgcc.a(_epilogue.o)
 .text          0x00000bf4       0x9e c:/users/ziad/downloads/sdk_win_64/winavr/bin/../lib/gcc/avr/4.3.3/avr5\libgcc.a(_clzsi2.o)
                0x00000bf4                __clzsi2
 .text          0x00000c92      0x1aa c:/users/ziad/downloads/sdk_win_64/winavr/bin/../lib/gcc/avr/4.3.3/avr5\libgcc.a(_pack_sf.o)
                0x00000c92                __pack_f
 .text          0x00000e3c       0xf0 c:/users/ziad/downloads/sdk_win_64/winavr/bin/../lib/gcc/avr/4.3.3/avr5\libgcc.a(_unpack_sf.o)
                0x00000e3c                __unpack_f
 .text          0x00000f2c       0xb2 c:/users/ziad/downloads/sdk_win_64/winavr/bin/../lib/gcc/avr/4.3.3/avr5\libgcc.a(_fpcmp_parts_sf.o)
                0x00000f2c                __fpcmp_parts_f
 .text          0x00000fde        0x0 c:/users/ziad/downloads/sdk_win_64/winavr/bin/../lib/gcc/avr/4.3.3/avr5\libgcc.a(_clz.o)
                0x00000fde                . = ALIGN (0x2)
 *(.text.*)
 .text.PWM_SetDuty
                0x00000fde      0x1e0 ./PWM/PWM.o
                0x00000fde                PWM_SetDuty
 .text.PWM_InitTimer0
                0x000011be       0xb8 ./PWM/PWM.o
                0x000011be                PWM_InitTimer0
 .text.PWM_InitTimer1
                0x00001276      0x216 ./PWM/PWM.o
                0x00001276                PWM_InitTimer1
 .text.PWM_InitTimer2
                0x0000148c       0x98 ./PWM/PWM.o
                0x0000148c                PWM_InitTimer2
 .text.PWM_Init
                0x00001524       0x2c ./PWM/PWM.o
                0x00001524                PWM_Init
 .text.LCD_DisplayCharacter
                0x00001550       0x88 ./LCD/LCD.o
                0x00001550                LCD_DisplayCharacter
 .text.LCD_DisplayInteger
                0x000015d8       0x8c ./LCD/LCD.o
                0x000015d8                LCD_DisplayInteger
 .text.LCD_DisplayFloatingPointNumber
                0x00001664       0x9c ./LCD/LCD.o
                0x00001664                LCD_DisplayFloatingPointNumber
 .text.LCD_DisplayString
                0x00001700       0x1a ./LCD/LCD.o
                0x00001700                LCD_DisplayString
 .text.LCD_SendInstruction
                0x0000171a       0x88 ./LCD/LCD.o
                0x0000171a                LCD_SendInstruction
 .text.LCD_CreateSpecialCharacter
                0x000017a2       0x3a ./LCD/LCD.o
                0x000017a2                LCD_CreateSpecialCharacter
 .text.LCD_SelectRowColumn
                0x000017dc       0x30 ./LCD/LCD.o
                0x000017dc                LCD_SelectRowColumn
 .text.LCD_Init
                0x0000180c       0x40 ./LCD/LCD.o
                0x0000180c                LCD_Init
 .text.ICU_SetTriggerEdge
                0x0000184c       0x1a ./ICU/ICU.o
                0x0000184c                ICU_SetTriggerEdge
 .text.ICU_ClearTimerValue
                0x00001866        0xa ./ICU/ICU.o
                0x00001866                ICU_ClearTimerValue
 .text.ICU_GetInputCaptureValue
                0x00001870       0x12 ./ICU/ICU.o
                0x00001870                ICU_GetInputCaptureValue
 .text.ICU_GetStatus
                0x00001882       0x1e ./ICU/ICU.o
                0x00001882                ICU_GetStatus
 .text.ICU_InitTimer1
                0x000018a0       0x38 ./ICU/ICU.o
                0x000018a0                ICU_InitTimer1
 .text.ICU_Init
                0x000018d8       0x10 ./ICU/ICU.o
                0x000018d8                ICU_Init
 .text.ICU_GetDutyCycle_Timer1
                0x000018e8      0x144 ./ICU/ICU.o
                0x000018e8                ICU_GetDutyCycle_Timer1
 .text.ICU_GetDutyCycle
                0x00001a2c        0xe ./ICU/ICU.o
                0x00001a2c                ICU_GetDutyCycle
 .text.GPT_Init
                0x00001a3a      0x11a ./GPT/GPT.o
                0x00001a3a                GPT_Init
 .text.GPT_Delay_us
                0x00001b54      0x228 ./GPT/GPT.o
                0x00001b54                GPT_Delay_us
 .text.GPT_Delay_ms
                0x00001d7c      0x20a ./GPT/GPT.o
                0x00001d7c                GPT_Delay_ms
 .text.GPT_GetTimerStatus
                0x00001f86       0x6c ./GPT/GPT.o
                0x00001f86                GPT_GetTimerStatus
 .text.GLCD_Reset
                0x00001ff2       0x1c ./GLCD/GLCD.o
                0x00001ff2                GLCD_Reset
 .text.GLCD_SelectPage
                0x0000200e       0x58 ./GLCD/GLCD.o
                0x0000200e                GLCD_SelectPage
 .text.GLCD_SendData
                0x00002066       0x3e ./GLCD/GLCD.o
                0x00002066                GLCD_SendData
 .text.GLCD_SendInstruction
                0x000020a4       0x3e ./GLCD/GLCD.o
                0x000020a4                GLCD_SendInstruction
 .text.GLCD_GoToLine
                0x000020e2       0x28 ./GLCD/GLCD.o
                0x000020e2                GLCD_GoToLine
 .text.GLCD_ClearDisplay
                0x0000210a       0x46 ./GLCD/GLCD.o
                0x0000210a                GLCD_ClearDisplay
 .text.GLCD_DisplaySpecialPattern
                0x00002150       0x9a ./GLCD/GLCD.o
                0x00002150                GLCD_DisplaySpecialPattern
 .text.GLCD_DisplayCharacter
                0x000021ea      0x1e0 ./GLCD/GLCD.o
                0x000021ea                GLCD_DisplayCharacter
 .text.GLCD_DisplayInteger
                0x000023ca       0xb6 ./GLCD/GLCD.o
                0x000023ca                GLCD_DisplayInteger
 .text.GLCD_DisplayFloatingPoint
                0x00002480       0x9c ./GLCD/GLCD.o
                0x00002480                GLCD_DisplayFloatingPoint
 .text.GLCD_DisplayString
                0x0000251c       0x1a ./GLCD/GLCD.o
                0x0000251c                GLCD_DisplayString
 .text.GLCD_Init
                0x00002536       0x86 ./GLCD/GLCD.o
                0x00002536                GLCD_Init
 .text.DIO_ObtainRegister
                0x000025bc       0x9c ./DIO/DIO.o
 .text.DIO_SetPinDirection
                0x00002658       0x4c ./DIO/DIO.o
                0x00002658                DIO_SetPinDirection
 .text.DIO_WritePin
                0x000026a4       0x4c ./DIO/DIO.o
                0x000026a4                DIO_WritePin
 .text.DIO_TogglePin
                0x000026f0       0x24 ./DIO/DIO.o
                0x000026f0                DIO_TogglePin
 .text.DIO_ReadPin
                0x00002714       0x20 ./DIO/DIO.o
                0x00002714                DIO_ReadPin
 .text.DIO_SetPortDirection
                0x00002734       0x22 ./DIO/DIO.o
                0x00002734                DIO_SetPortDirection
 .text.DIO_WritePort
                0x00002756       0x12 ./DIO/DIO.o
                0x00002756                DIO_WritePort
 .text.DIO_ReadPort
                0x00002768        0xc ./DIO/DIO.o
                0x00002768                DIO_ReadPort
 .text.DIO_SetHighHalfPortDirection
                0x00002774       0x26 ./DIO/DIO.o
                0x00002774                DIO_SetHighHalfPortDirection
 .text.DIO_SetLowHalfPortDirection
                0x0000279a       0x26 ./DIO/DIO.o
                0x0000279a                DIO_SetLowHalfPortDirection
 .text.DIO_WriteHighHalfPort
                0x000027c0       0x1e ./DIO/DIO.o
                0x000027c0                DIO_WriteHighHalfPort
 .text.DIO_WriteLowHalfPort
                0x000027de       0x1e ./DIO/DIO.o
                0x000027de                DIO_WriteLowHalfPort
 .text.DIO_ReadHighHalfPort
                0x000027fc       0x10 ./DIO/DIO.o
                0x000027fc                DIO_ReadHighHalfPort
 .text.DIO_ReadLowHalfPort
                0x0000280c        0xe ./DIO/DIO.o
                0x0000280c                DIO_ReadLowHalfPort
 .text.PWMDrawer_DrawSignal
                0x0000281a      0x2b0 ./APP/PWM_Drawer.o
                0x0000281a                PWMDrawer_DrawSignal
 .text.PWMDrawer_MeasureSignal
                0x00002aca       0xe2 ./APP/PWM_Drawer.o
                0x00002aca                PWMDrawer_MeasureSignal
 .text.PWMDrawer_Init
                0x00002bac       0x1a ./APP/PWM_Drawer.o
                0x00002bac                PWMDrawer_Init
 .text.main     0x00002bc6       0x6c ./main.o
                0x00002bc6                main
 .text.libgcc   0x00002c32       0x3e c:/users/ziad/downloads/sdk_win_64/winavr/bin/../lib/gcc/avr/4.3.3/avr5\libgcc.a(_mulsi3.o)
                0x00002c32                __mulsi3
 .text.libgcc   0x00002c70       0x26 c:/users/ziad/downloads/sdk_win_64/winavr/bin/../lib/gcc/avr/4.3.3/avr5\libgcc.a(_divmodhi4.o)
                0x00002c70                __divmodhi4
                0x00002c70                _div
 .text.libgcc   0x00002c96       0x36 c:/users/ziad/downloads/sdk_win_64/winavr/bin/../lib/gcc/avr/4.3.3/avr5\libgcc.a(_divmodsi4.o)
                0x00002c96                __divmodsi4
 .text.libgcc   0x00002ccc        0x0 c:/users/ziad/downloads/sdk_win_64/winavr/bin/../lib/gcc/avr/4.3.3/avr5\libgcc.a(_exit.o)
 .text.libgcc   0x00002ccc        0x0 c:/users/ziad/downloads/sdk_win_64/winavr/bin/../lib/gcc/avr/4.3.3/avr5\libgcc.a(_copy_data.o)
 .text.libgcc   0x00002ccc        0x0 c:/users/ziad/downloads/sdk_win_64/winavr/bin/../lib/gcc/avr/4.3.3/avr5\libgcc.a(_clear_bss.o)
 .text.libgcc   0x00002ccc       0x28 c:/users/ziad/downloads/sdk_win_64/winavr/bin/../lib/gcc/avr/4.3.3/avr5\libgcc.a(_udivmodhi4.o)
                0x00002ccc                __udivmodhi4
 .text.libgcc   0x00002cf4       0x44 c:/users/ziad/downloads/sdk_win_64/winavr/bin/../lib/gcc/avr/4.3.3/avr5\libgcc.a(_udivmodsi4.o)
                0x00002cf4                __udivmodsi4
 .text.libgcc   0x00002d38       0x38 c:/users/ziad/downloads/sdk_win_64/winavr/bin/../lib/gcc/avr/4.3.3/avr5\libgcc.a(_prologue.o)
                0x00002d38                __prologue_saves__
 .text.libgcc   0x00002d70       0x36 c:/users/ziad/downloads/sdk_win_64/winavr/bin/../lib/gcc/avr/4.3.3/avr5\libgcc.a(_epilogue.o)
                0x00002d70                __epilogue_restores__
                0x00002da6                . = ALIGN (0x2)
 *(.fini9)
 .fini9         0x00002da6        0x0 c:/users/ziad/downloads/sdk_win_64/winavr/bin/../lib/gcc/avr/4.3.3/avr5\libgcc.a(_exit.o)
                0x00002da6                exit
                0x00002da6                _exit
 *(.fini9)
 *(.fini8)
 *(.fini8)
 *(.fini7)
 *(.fini7)
 *(.fini6)
 *(.fini6)
 *(.fini5)
 *(.fini5)
 *(.fini4)
 *(.fini4)
 *(.fini3)
 *(.fini3)
 *(.fini2)
 *(.fini2)
 *(.fini1)
 *(.fini1)
 *(.fini0)
 .fini0         0x00002da6        0x4 c:/users/ziad/downloads/sdk_win_64/winavr/bin/../lib/gcc/avr/4.3.3/avr5\libgcc.a(_exit.o)
 *(.fini0)
                0x00002daa                _etext = .

.data           0x00800060      0x196 load address 0x00002daa
                0x00800060                PROVIDE (__data_start, .)
 *(.data)
 .data          0x00800060        0x0 c:/users/ziad/downloads/sdk_win_64/winavr/bin/../lib/gcc/avr/4.3.3/../../../../avr/lib/avr5/crtm32.o
 .data          0x00800060        0x0 ./PWM/PWM.o
 .data          0x00800060        0x0 ./PWM/PWM_Lconfig.o
 .data          0x00800060        0x0 ./LCD/LCD.o
 .data          0x00800060        0x0 ./ICU/ICU.o
 .data          0x00800060        0x0 ./ICU/ICU_Lconfig.o
 .data          0x00800060        0x0 ./GPT/GPT.o
 .data          0x00800060        0x0 ./GPT/GPT_Lconfig.o
 .data          0x00800060        0x0 ./GLCD/GLCD.o
 .data          0x00800060        0x0 ./DIO/DIO.o
 .data          0x00800060       0x3d ./APP/PWM_Drawer.o
 .data          0x0080009d        0x0 ./main.o
 .data          0x0080009d        0x0 c:/users/ziad/downloads/sdk_win_64/winavr/bin/../lib/gcc/avr/4.3.3/avr5\libgcc.a(_mulsi3.o)
 .data          0x0080009d        0x0 c:/users/ziad/downloads/sdk_win_64/winavr/bin/../lib/gcc/avr/4.3.3/avr5\libgcc.a(_divmodhi4.o)
 .data          0x0080009d        0x0 c:/users/ziad/downloads/sdk_win_64/winavr/bin/../lib/gcc/avr/4.3.3/avr5\libgcc.a(_divmodsi4.o)
 .data          0x0080009d        0x0 c:/users/ziad/downloads/sdk_win_64/winavr/bin/../lib/gcc/avr/4.3.3/avr5\libgcc.a(_exit.o)
 .data          0x0080009d        0x0 c:/users/ziad/downloads/sdk_win_64/winavr/bin/../lib/gcc/avr/4.3.3/avr5\libgcc.a(_copy_data.o)
 .data          0x0080009d        0x0 c:/users/ziad/downloads/sdk_win_64/winavr/bin/../lib/gcc/avr/4.3.3/avr5\libgcc.a(_clear_bss.o)
 .data          0x0080009d        0x0 c:/users/ziad/downloads/sdk_win_64/winavr/bin/../lib/gcc/avr/4.3.3/avr5\libgcc.a(_lshrdi3.o)
 .data          0x0080009d        0x0 c:/users/ziad/downloads/sdk_win_64/winavr/bin/../lib/gcc/avr/4.3.3/avr5\libgcc.a(_fixunssfsi.o)
 .data          0x0080009d        0x0 c:/users/ziad/downloads/sdk_win_64/winavr/bin/../lib/gcc/avr/4.3.3/avr5\libgcc.a(_addsub_sf.o)
 .data          0x0080009d        0x0 c:/users/ziad/downloads/sdk_win_64/winavr/bin/../lib/gcc/avr/4.3.3/avr5\libgcc.a(_mul_sf.o)
 .data          0x0080009d        0x0 c:/users/ziad/downloads/sdk_win_64/winavr/bin/../lib/gcc/avr/4.3.3/avr5\libgcc.a(_div_sf.o)
 .data          0x0080009d        0x0 c:/users/ziad/downloads/sdk_win_64/winavr/bin/../lib/gcc/avr/4.3.3/avr5\libgcc.a(_ge_sf.o)
 .data          0x0080009d        0x0 c:/users/ziad/downloads/sdk_win_64/winavr/bin/../lib/gcc/avr/4.3.3/avr5\libgcc.a(_si_to_sf.o)
 .data          0x0080009d        0x0 c:/users/ziad/downloads/sdk_win_64/winavr/bin/../lib/gcc/avr/4.3.3/avr5\libgcc.a(_sf_to_si.o)
 .data          0x0080009d        0x8 c:/users/ziad/downloads/sdk_win_64/winavr/bin/../lib/gcc/avr/4.3.3/avr5\libgcc.a(_thenan_sf.o)
                0x0080009d                __thenan_sf
 .data          0x008000a5        0x0 c:/users/ziad/downloads/sdk_win_64/winavr/bin/../lib/gcc/avr/4.3.3/avr5\libgcc.a(_usi_to_sf.o)
 .data          0x008000a5        0x0 c:/users/ziad/downloads/sdk_win_64/winavr/bin/../lib/gcc/avr/4.3.3/avr5\libgcc.a(_udivmodhi4.o)
 .data          0x008000a5        0x0 c:/users/ziad/downloads/sdk_win_64/winavr/bin/../lib/gcc/avr/4.3.3/avr5\libgcc.a(_udivmodsi4.o)
 .data          0x008000a5        0x0 c:/users/ziad/downloads/sdk_win_64/winavr/bin/../lib/gcc/avr/4.3.3/avr5\libgcc.a(_prologue.o)
 .data          0x008000a5        0x0 c:/users/ziad/downloads/sdk_win_64/winavr/bin/../lib/gcc/avr/4.3.3/avr5\libgcc.a(_epilogue.o)
 .data          0x008000a5        0x0 c:/users/ziad/downloads/sdk_win_64/winavr/bin/../lib/gcc/avr/4.3.3/avr5\libgcc.a(_clzsi2.o)
 .data          0x008000a5        0x0 c:/users/ziad/downloads/sdk_win_64/winavr/bin/../lib/gcc/avr/4.3.3/avr5\libgcc.a(_pack_sf.o)
 .data          0x008000a5        0x0 c:/users/ziad/downloads/sdk_win_64/winavr/bin/../lib/gcc/avr/4.3.3/avr5\libgcc.a(_unpack_sf.o)
 .data          0x008000a5        0x0 c:/users/ziad/downloads/sdk_win_64/winavr/bin/../lib/gcc/avr/4.3.3/avr5\libgcc.a(_fpcmp_parts_sf.o)
 .data          0x008000a5      0x100 c:/users/ziad/downloads/sdk_win_64/winavr/bin/../lib/gcc/avr/4.3.3/avr5\libgcc.a(_clz.o)
                0x008000a5                __clz_tab
 *(.data*)
 .data.gac_Line_Patterns
                0x008001a5       0x38 ./APP/PWM_Drawer.o
                0x008001a5                gac_Line_Patterns
 *(.rodata)
 *(.rodata*)
 .rodata.gaStrPWM_Config
                0x008001dd        0x9 ./PWM/PWM_Lconfig.o
                0x008001dd                gaStrPWM_Config
 .rodata.gStrICU_Config
                0x008001e6        0x4 ./ICU/ICU_Lconfig.o
                0x008001e6                gStrICU_Config
 .rodata.gaStrGPT_Config
                0x008001ea        0x4 ./GPT/GPT_Lconfig.o
                0x008001ea                gaStrGPT_Config
 .rodata.C.0.1411
                0x008001ee        0x8 ./APP/PWM_Drawer.o
 *(.gnu.linkonce.d*)
                0x008001f6                . = ALIGN (0x2)
                0x008001f6                _edata = .
                0x008001f6                PROVIDE (__data_end, .)

.bss            0x008001f6        0x5
                0x008001f6                PROVIDE (__bss_start, .)
 *(.bss)
 .bss           0x008001f6        0x0 c:/users/ziad/downloads/sdk_win_64/winavr/bin/../lib/gcc/avr/4.3.3/../../../../avr/lib/avr5/crtm32.o
 .bss           0x008001f6        0x0 ./PWM/PWM.o
 .bss           0x008001f6        0x0 ./PWM/PWM_Lconfig.o
 .bss           0x008001f6        0x0 ./LCD/LCD.o
 .bss           0x008001f6        0x0 ./ICU/ICU.o
 .bss           0x008001f6        0x0 ./ICU/ICU_Lconfig.o
 .bss           0x008001f6        0x0 ./GPT/GPT.o
 .bss           0x008001f6        0x0 ./GPT/GPT_Lconfig.o
 .bss           0x008001f6        0x0 ./GLCD/GLCD.o
 .bss           0x008001f6        0x0 ./DIO/DIO.o
 .bss           0x008001f6        0x0 ./APP/PWM_Drawer.o
 .bss           0x008001f6        0x0 ./main.o
 .bss           0x008001f6        0x0 c:/users/ziad/downloads/sdk_win_64/winavr/bin/../lib/gcc/avr/4.3.3/avr5\libgcc.a(_mulsi3.o)
 .bss           0x008001f6        0x0 c:/users/ziad/downloads/sdk_win_64/winavr/bin/../lib/gcc/avr/4.3.3/avr5\libgcc.a(_divmodhi4.o)
 .bss           0x008001f6        0x0 c:/users/ziad/downloads/sdk_win_64/winavr/bin/../lib/gcc/avr/4.3.3/avr5\libgcc.a(_divmodsi4.o)
 .bss           0x008001f6        0x0 c:/users/ziad/downloads/sdk_win_64/winavr/bin/../lib/gcc/avr/4.3.3/avr5\libgcc.a(_exit.o)
 .bss           0x008001f6        0x0 c:/users/ziad/downloads/sdk_win_64/winavr/bin/../lib/gcc/avr/4.3.3/avr5\libgcc.a(_copy_data.o)
 .bss           0x008001f6        0x0 c:/users/ziad/downloads/sdk_win_64/winavr/bin/../lib/gcc/avr/4.3.3/avr5\libgcc.a(_clear_bss.o)
 .bss           0x008001f6        0x0 c:/users/ziad/downloads/sdk_win_64/winavr/bin/../lib/gcc/avr/4.3.3/avr5\libgcc.a(_lshrdi3.o)
 .bss           0x008001f6        0x0 c:/users/ziad/downloads/sdk_win_64/winavr/bin/../lib/gcc/avr/4.3.3/avr5\libgcc.a(_fixunssfsi.o)
 .bss           0x008001f6        0x0 c:/users/ziad/downloads/sdk_win_64/winavr/bin/../lib/gcc/avr/4.3.3/avr5\libgcc.a(_addsub_sf.o)
 .bss           0x008001f6        0x0 c:/users/ziad/downloads/sdk_win_64/winavr/bin/../lib/gcc/avr/4.3.3/avr5\libgcc.a(_mul_sf.o)
 .bss           0x008001f6        0x0 c:/users/ziad/downloads/sdk_win_64/winavr/bin/../lib/gcc/avr/4.3.3/avr5\libgcc.a(_div_sf.o)
 .bss           0x008001f6        0x0 c:/users/ziad/downloads/sdk_win_64/winavr/bin/../lib/gcc/avr/4.3.3/avr5\libgcc.a(_ge_sf.o)
 .bss           0x008001f6        0x0 c:/users/ziad/downloads/sdk_win_64/winavr/bin/../lib/gcc/avr/4.3.3/avr5\libgcc.a(_si_to_sf.o)
 .bss           0x008001f6        0x0 c:/users/ziad/downloads/sdk_win_64/winavr/bin/../lib/gcc/avr/4.3.3/avr5\libgcc.a(_sf_to_si.o)
 .bss           0x008001f6        0x0 c:/users/ziad/downloads/sdk_win_64/winavr/bin/../lib/gcc/avr/4.3.3/avr5\libgcc.a(_thenan_sf.o)
 .bss           0x008001f6        0x0 c:/users/ziad/downloads/sdk_win_64/winavr/bin/../lib/gcc/avr/4.3.3/avr5\libgcc.a(_usi_to_sf.o)
 .bss           0x008001f6        0x0 c:/users/ziad/downloads/sdk_win_64/winavr/bin/../lib/gcc/avr/4.3.3/avr5\libgcc.a(_udivmodhi4.o)
 .bss           0x008001f6        0x0 c:/users/ziad/downloads/sdk_win_64/winavr/bin/../lib/gcc/avr/4.3.3/avr5\libgcc.a(_udivmodsi4.o)
 .bss           0x008001f6        0x0 c:/users/ziad/downloads/sdk_win_64/winavr/bin/../lib/gcc/avr/4.3.3/avr5\libgcc.a(_prologue.o)
 .bss           0x008001f6        0x0 c:/users/ziad/downloads/sdk_win_64/winavr/bin/../lib/gcc/avr/4.3.3/avr5\libgcc.a(_epilogue.o)
 .bss           0x008001f6        0x0 c:/users/ziad/downloads/sdk_win_64/winavr/bin/../lib/gcc/avr/4.3.3/avr5\libgcc.a(_clzsi2.o)
 .bss           0x008001f6        0x0 c:/users/ziad/downloads/sdk_win_64/winavr/bin/../lib/gcc/avr/4.3.3/avr5\libgcc.a(_pack_sf.o)
 .bss           0x008001f6        0x0 c:/users/ziad/downloads/sdk_win_64/winavr/bin/../lib/gcc/avr/4.3.3/avr5\libgcc.a(_unpack_sf.o)
 .bss           0x008001f6        0x0 c:/users/ziad/downloads/sdk_win_64/winavr/bin/../lib/gcc/avr/4.3.3/avr5\libgcc.a(_fpcmp_parts_sf.o)
 .bss           0x008001f6        0x0 c:/users/ziad/downloads/sdk_win_64/winavr/bin/../lib/gcc/avr/4.3.3/avr5\libgcc.a(_clz.o)
 *(.bss*)
 .bss.gu16_PWM_TimerTopValue
                0x008001f6        0x2 ./PWM/PWM.o
                0x008001f6                gu16_PWM_TimerTopValue
 .bss.gu8_Curr_X_Address
                0x008001f8        0x1 ./GLCD/GLCD.o
                0x008001f8                gu8_Curr_X_Address
 .bss.gu8_Curr_Y_Address
                0x008001f9        0x1 ./GLCD/GLCD.o
                0x008001f9                gu8_Curr_Y_Address
 .bss.gu8_Curr_Page
                0x008001fa        0x1 ./GLCD/GLCD.o
                0x008001fa                gu8_Curr_Page
 *(COMMON)
                0x008001fb                PROVIDE (__bss_end, .)
                0x00002daa                __data_load_start = LOADADDR (.data)
                0x00002f40                __data_load_end = (__data_load_start + SIZEOF (.data))

.noinit         0x008001fb        0x0
                0x008001fb                PROVIDE (__noinit_start, .)
 *(.noinit*)
                0x008001fb                PROVIDE (__noinit_end, .)
                0x008001fb                _end = .
                0x008001fb                PROVIDE (__heap_start, .)

.eeprom         0x00810000        0x0
 *(.eeprom*)
                0x00810000                __eeprom_end = .

.fuse
 *(.fuse)
 *(.lfuse)
 *(.hfuse)
 *(.efuse)

.lock
 *(.lock*)

.signature
 *(.signature*)

.stab
 *(.stab)

.stabstr
 *(.stabstr)

.stab.excl
 *(.stab.excl)

.stab.exclstr
 *(.stab.exclstr)

.stab.index
 *(.stab.index)

.stab.indexstr
 *(.stab.indexstr)

.comment
 *(.comment)

.debug
 *(.debug)

.line
 *(.line)

.debug_srcinfo
 *(.debug_srcinfo)

.debug_sfnames
 *(.debug_sfnames)

.debug_aranges  0x00000000      0x1a0
 *(.debug_aranges)
 .debug_aranges
                0x00000000       0x20 c:/users/ziad/downloads/sdk_win_64/winavr/bin/../lib/gcc/avr/4.3.3/avr5\libgcc.a(_lshrdi3.o)
 .debug_aranges
                0x00000020       0x20 c:/users/ziad/downloads/sdk_win_64/winavr/bin/../lib/gcc/avr/4.3.3/avr5\libgcc.a(_fixunssfsi.o)
 .debug_aranges
                0x00000040       0x20 c:/users/ziad/downloads/sdk_win_64/winavr/bin/../lib/gcc/avr/4.3.3/avr5\libgcc.a(_addsub_sf.o)
 .debug_aranges
                0x00000060       0x20 c:/users/ziad/downloads/sdk_win_64/winavr/bin/../lib/gcc/avr/4.3.3/avr5\libgcc.a(_mul_sf.o)
 .debug_aranges
                0x00000080       0x20 c:/users/ziad/downloads/sdk_win_64/winavr/bin/../lib/gcc/avr/4.3.3/avr5\libgcc.a(_div_sf.o)
 .debug_aranges
                0x000000a0       0x20 c:/users/ziad/downloads/sdk_win_64/winavr/bin/../lib/gcc/avr/4.3.3/avr5\libgcc.a(_ge_sf.o)
 .debug_aranges
                0x000000c0       0x20 c:/users/ziad/downloads/sdk_win_64/winavr/bin/../lib/gcc/avr/4.3.3/avr5\libgcc.a(_si_to_sf.o)
 .debug_aranges
                0x000000e0       0x20 c:/users/ziad/downloads/sdk_win_64/winavr/bin/../lib/gcc/avr/4.3.3/avr5\libgcc.a(_sf_to_si.o)
 .debug_aranges
                0x00000100       0x20 c:/users/ziad/downloads/sdk_win_64/winavr/bin/../lib/gcc/avr/4.3.3/avr5\libgcc.a(_usi_to_sf.o)
 .debug_aranges
                0x00000120       0x20 c:/users/ziad/downloads/sdk_win_64/winavr/bin/../lib/gcc/avr/4.3.3/avr5\libgcc.a(_clzsi2.o)
 .debug_aranges
                0x00000140       0x20 c:/users/ziad/downloads/sdk_win_64/winavr/bin/../lib/gcc/avr/4.3.3/avr5\libgcc.a(_pack_sf.o)
 .debug_aranges
                0x00000160       0x20 c:/users/ziad/downloads/sdk_win_64/winavr/bin/../lib/gcc/avr/4.3.3/avr5\libgcc.a(_unpack_sf.o)
 .debug_aranges
                0x00000180       0x20 c:/users/ziad/downloads/sdk_win_64/winavr/bin/../lib/gcc/avr/4.3.3/avr5\libgcc.a(_fpcmp_parts_sf.o)

.debug_pubnames
                0x00000000      0x1f8
 *(.debug_pubnames)
 .debug_pubnames
                0x00000000       0x20 c:/users/ziad/downloads/sdk_win_64/winavr/bin/../lib/gcc/avr/4.3.3/avr5\libgcc.a(_lshrdi3.o)
 .debug_pubnames
                0x00000020       0x23 c:/users/ziad/downloads/sdk_win_64/winavr/bin/../lib/gcc/avr/4.3.3/avr5\libgcc.a(_fixunssfsi.o)
 .debug_pubnames
                0x00000043       0x2c c:/users/ziad/downloads/sdk_win_64/winavr/bin/../lib/gcc/avr/4.3.3/avr5\libgcc.a(_addsub_sf.o)
 .debug_pubnames
                0x0000006f       0x1f c:/users/ziad/downloads/sdk_win_64/winavr/bin/../lib/gcc/avr/4.3.3/avr5\libgcc.a(_mul_sf.o)
 .debug_pubnames
                0x0000008e       0x1f c:/users/ziad/downloads/sdk_win_64/winavr/bin/../lib/gcc/avr/4.3.3/avr5\libgcc.a(_div_sf.o)
 .debug_pubnames
                0x000000ad       0x1e c:/users/ziad/downloads/sdk_win_64/winavr/bin/../lib/gcc/avr/4.3.3/avr5\libgcc.a(_ge_sf.o)
 .debug_pubnames
                0x000000cb       0x22 c:/users/ziad/downloads/sdk_win_64/winavr/bin/../lib/gcc/avr/4.3.3/avr5\libgcc.a(_si_to_sf.o)
 .debug_pubnames
                0x000000ed       0x20 c:/users/ziad/downloads/sdk_win_64/winavr/bin/../lib/gcc/avr/4.3.3/avr5\libgcc.a(_sf_to_si.o)
 .debug_pubnames
                0x0000010d       0x22 c:/users/ziad/downloads/sdk_win_64/winavr/bin/../lib/gcc/avr/4.3.3/avr5\libgcc.a(_thenan_sf.o)
 .debug_pubnames
                0x0000012f       0x24 c:/users/ziad/downloads/sdk_win_64/winavr/bin/../lib/gcc/avr/4.3.3/avr5\libgcc.a(_usi_to_sf.o)
 .debug_pubnames
                0x00000153       0x1f c:/users/ziad/downloads/sdk_win_64/winavr/bin/../lib/gcc/avr/4.3.3/avr5\libgcc.a(_clzsi2.o)
 .debug_pubnames
                0x00000172       0x1f c:/users/ziad/downloads/sdk_win_64/winavr/bin/../lib/gcc/avr/4.3.3/avr5\libgcc.a(_pack_sf.o)
 .debug_pubnames
                0x00000191       0x21 c:/users/ziad/downloads/sdk_win_64/winavr/bin/../lib/gcc/avr/4.3.3/avr5\libgcc.a(_unpack_sf.o)
 .debug_pubnames
                0x000001b2       0x26 c:/users/ziad/downloads/sdk_win_64/winavr/bin/../lib/gcc/avr/4.3.3/avr5\libgcc.a(_fpcmp_parts_sf.o)
 .debug_pubnames
                0x000001d8       0x20 c:/users/ziad/downloads/sdk_win_64/winavr/bin/../lib/gcc/avr/4.3.3/avr5\libgcc.a(_clz.o)

.debug_info     0x00000000     0x2293
 *(.debug_info)
 .debug_info    0x00000000      0x17f c:/users/ziad/downloads/sdk_win_64/winavr/bin/../lib/gcc/avr/4.3.3/avr5\libgcc.a(_lshrdi3.o)
 .debug_info    0x0000017f       0xb1 c:/users/ziad/downloads/sdk_win_64/winavr/bin/../lib/gcc/avr/4.3.3/avr5\libgcc.a(_fixunssfsi.o)
 .debug_info    0x00000230      0x47a c:/users/ziad/downloads/sdk_win_64/winavr/bin/../lib/gcc/avr/4.3.3/avr5\libgcc.a(_addsub_sf.o)
 .debug_info    0x000006aa      0x485 c:/users/ziad/downloads/sdk_win_64/winavr/bin/../lib/gcc/avr/4.3.3/avr5\libgcc.a(_mul_sf.o)
 .debug_info    0x00000b2f      0x3fc c:/users/ziad/downloads/sdk_win_64/winavr/bin/../lib/gcc/avr/4.3.3/avr5\libgcc.a(_div_sf.o)
 .debug_info    0x00000f2b      0x27f c:/users/ziad/downloads/sdk_win_64/winavr/bin/../lib/gcc/avr/4.3.3/avr5\libgcc.a(_ge_sf.o)
 .debug_info    0x000011aa      0x207 c:/users/ziad/downloads/sdk_win_64/winavr/bin/../lib/gcc/avr/4.3.3/avr5\libgcc.a(_si_to_sf.o)
 .debug_info    0x000013b1      0x2b0 c:/users/ziad/downloads/sdk_win_64/winavr/bin/../lib/gcc/avr/4.3.3/avr5\libgcc.a(_sf_to_si.o)
 .debug_info    0x00001661      0x12c c:/users/ziad/downloads/sdk_win_64/winavr/bin/../lib/gcc/avr/4.3.3/avr5\libgcc.a(_thenan_sf.o)
 .debug_info    0x0000178d      0x206 c:/users/ziad/downloads/sdk_win_64/winavr/bin/../lib/gcc/avr/4.3.3/avr5\libgcc.a(_usi_to_sf.o)
 .debug_info    0x00001993      0x117 c:/users/ziad/downloads/sdk_win_64/winavr/bin/../lib/gcc/avr/4.3.3/avr5\libgcc.a(_clzsi2.o)
 .debug_info    0x00001aaa      0x2df c:/users/ziad/downloads/sdk_win_64/winavr/bin/../lib/gcc/avr/4.3.3/avr5\libgcc.a(_pack_sf.o)
 .debug_info    0x00001d89      0x251 c:/users/ziad/downloads/sdk_win_64/winavr/bin/../lib/gcc/avr/4.3.3/avr5\libgcc.a(_unpack_sf.o)
 .debug_info    0x00001fda      0x210 c:/users/ziad/downloads/sdk_win_64/winavr/bin/../lib/gcc/avr/4.3.3/avr5\libgcc.a(_fpcmp_parts_sf.o)
 .debug_info    0x000021ea       0xa9 c:/users/ziad/downloads/sdk_win_64/winavr/bin/../lib/gcc/avr/4.3.3/avr5\libgcc.a(_clz.o)
 *(.gnu.linkonce.wi.*)

.debug_abbrev   0x00000000     0x1308
 *(.debug_abbrev)
 .debug_abbrev  0x00000000       0xee c:/users/ziad/downloads/sdk_win_64/winavr/bin/../lib/gcc/avr/4.3.3/avr5\libgcc.a(_lshrdi3.o)
 .debug_abbrev  0x000000ee       0x5d c:/users/ziad/downloads/sdk_win_64/winavr/bin/../lib/gcc/avr/4.3.3/avr5\libgcc.a(_fixunssfsi.o)
 .debug_abbrev  0x0000014b      0x1ea c:/users/ziad/downloads/sdk_win_64/winavr/bin/../lib/gcc/avr/4.3.3/avr5\libgcc.a(_addsub_sf.o)
 .debug_abbrev  0x00000335      0x21b c:/users/ziad/downloads/sdk_win_64/winavr/bin/../lib/gcc/avr/4.3.3/avr5\libgcc.a(_mul_sf.o)
 .debug_abbrev  0x00000550      0x216 c:/users/ziad/downloads/sdk_win_64/winavr/bin/../lib/gcc/avr/4.3.3/avr5\libgcc.a(_div_sf.o)
 .debug_abbrev  0x00000766      0x15a c:/users/ziad/downloads/sdk_win_64/winavr/bin/../lib/gcc/avr/4.3.3/avr5\libgcc.a(_ge_sf.o)
 .debug_abbrev  0x000008c0      0x148 c:/users/ziad/downloads/sdk_win_64/winavr/bin/../lib/gcc/avr/4.3.3/avr5\libgcc.a(_si_to_sf.o)
 .debug_abbrev  0x00000a08      0x17f c:/users/ziad/downloads/sdk_win_64/winavr/bin/../lib/gcc/avr/4.3.3/avr5\libgcc.a(_sf_to_si.o)
 .debug_abbrev  0x00000b87       0xad c:/users/ziad/downloads/sdk_win_64/winavr/bin/../lib/gcc/avr/4.3.3/avr5\libgcc.a(_thenan_sf.o)
 .debug_abbrev  0x00000c34      0x157 c:/users/ziad/downloads/sdk_win_64/winavr/bin/../lib/gcc/avr/4.3.3/avr5\libgcc.a(_usi_to_sf.o)
 .debug_abbrev  0x00000d8b       0xc4 c:/users/ziad/downloads/sdk_win_64/winavr/bin/../lib/gcc/avr/4.3.3/avr5\libgcc.a(_clzsi2.o)
 .debug_abbrev  0x00000e4f      0x1c0 c:/users/ziad/downloads/sdk_win_64/winavr/bin/../lib/gcc/avr/4.3.3/avr5\libgcc.a(_pack_sf.o)
 .debug_abbrev  0x0000100f      0x154 c:/users/ziad/downloads/sdk_win_64/winavr/bin/../lib/gcc/avr/4.3.3/avr5\libgcc.a(_unpack_sf.o)
 .debug_abbrev  0x00001163      0x13b c:/users/ziad/downloads/sdk_win_64/winavr/bin/../lib/gcc/avr/4.3.3/avr5\libgcc.a(_fpcmp_parts_sf.o)
 .debug_abbrev  0x0000129e       0x6a c:/users/ziad/downloads/sdk_win_64/winavr/bin/../lib/gcc/avr/4.3.3/avr5\libgcc.a(_clz.o)

.debug_line     0x00000000     0x123c
 *(.debug_line)
 .debug_line    0x00000000       0xd7 c:/users/ziad/downloads/sdk_win_64/winavr/bin/../lib/gcc/avr/4.3.3/avr5\libgcc.a(_lshrdi3.o)
 .debug_line    0x000000d7       0xa7 c:/users/ziad/downloads/sdk_win_64/winavr/bin/../lib/gcc/avr/4.3.3/avr5\libgcc.a(_fixunssfsi.o)
 .debug_line    0x0000017e      0x2af c:/users/ziad/downloads/sdk_win_64/winavr/bin/../lib/gcc/avr/4.3.3/avr5\libgcc.a(_addsub_sf.o)
 .debug_line    0x0000042d      0x239 c:/users/ziad/downloads/sdk_win_64/winavr/bin/../lib/gcc/avr/4.3.3/avr5\libgcc.a(_mul_sf.o)
 .debug_line    0x00000666      0x1d5 c:/users/ziad/downloads/sdk_win_64/winavr/bin/../lib/gcc/avr/4.3.3/avr5\libgcc.a(_div_sf.o)
 .debug_line    0x0000083b       0xd3 c:/users/ziad/downloads/sdk_win_64/winavr/bin/../lib/gcc/avr/4.3.3/avr5\libgcc.a(_ge_sf.o)
 .debug_line    0x0000090e      0x135 c:/users/ziad/downloads/sdk_win_64/winavr/bin/../lib/gcc/avr/4.3.3/avr5\libgcc.a(_si_to_sf.o)
 .debug_line    0x00000a43      0x109 c:/users/ziad/downloads/sdk_win_64/winavr/bin/../lib/gcc/avr/4.3.3/avr5\libgcc.a(_sf_to_si.o)
 .debug_line    0x00000b4c       0x90 c:/users/ziad/downloads/sdk_win_64/winavr/bin/../lib/gcc/avr/4.3.3/avr5\libgcc.a(_thenan_sf.o)
 .debug_line    0x00000bdc      0x133 c:/users/ziad/downloads/sdk_win_64/winavr/bin/../lib/gcc/avr/4.3.3/avr5\libgcc.a(_usi_to_sf.o)
 .debug_line    0x00000d0f       0xa5 c:/users/ziad/downloads/sdk_win_64/winavr/bin/../lib/gcc/avr/4.3.3/avr5\libgcc.a(_clzsi2.o)
 .debug_line    0x00000db4      0x18a c:/users/ziad/downloads/sdk_win_64/winavr/bin/../lib/gcc/avr/4.3.3/avr5\libgcc.a(_pack_sf.o)
 .debug_line    0x00000f3e      0x14b c:/users/ziad/downloads/sdk_win_64/winavr/bin/../lib/gcc/avr/4.3.3/avr5\libgcc.a(_unpack_sf.o)
 .debug_line    0x00001089      0x137 c:/users/ziad/downloads/sdk_win_64/winavr/bin/../lib/gcc/avr/4.3.3/avr5\libgcc.a(_fpcmp_parts_sf.o)
 .debug_line    0x000011c0       0x7c c:/users/ziad/downloads/sdk_win_64/winavr/bin/../lib/gcc/avr/4.3.3/avr5\libgcc.a(_clz.o)

.debug_frame    0x00000000      0x1c0
 *(.debug_frame)
 .debug_frame   0x00000000       0x20 c:/users/ziad/downloads/sdk_win_64/winavr/bin/../lib/gcc/avr/4.3.3/avr5\libgcc.a(_lshrdi3.o)
 .debug_frame   0x00000020       0x20 c:/users/ziad/downloads/sdk_win_64/winavr/bin/../lib/gcc/avr/4.3.3/avr5\libgcc.a(_fixunssfsi.o)
 .debug_frame   0x00000040       0x40 c:/users/ziad/downloads/sdk_win_64/winavr/bin/../lib/gcc/avr/4.3.3/avr5\libgcc.a(_addsub_sf.o)
 .debug_frame   0x00000080       0x20 c:/users/ziad/downloads/sdk_win_64/winavr/bin/../lib/gcc/avr/4.3.3/avr5\libgcc.a(_mul_sf.o)
 .debug_frame   0x000000a0       0x20 c:/users/ziad/downloads/sdk_win_64/winavr/bin/../lib/gcc/avr/4.3.3/avr5\libgcc.a(_div_sf.o)
 .debug_frame   0x000000c0       0x20 c:/users/ziad/downloads/sdk_win_64/winavr/bin/../lib/gcc/avr/4.3.3/avr5\libgcc.a(_ge_sf.o)
 .debug_frame   0x000000e0       0x20 c:/users/ziad/downloads/sdk_win_64/winavr/bin/../lib/gcc/avr/4.3.3/avr5\libgcc.a(_si_to_sf.o)
 .debug_frame   0x00000100       0x20 c:/users/ziad/downloads/sdk_win_64/winavr/bin/../lib/gcc/avr/4.3.3/avr5\libgcc.a(_sf_to_si.o)
 .debug_frame   0x00000120       0x20 c:/users/ziad/downloads/sdk_win_64/winavr/bin/../lib/gcc/avr/4.3.3/avr5\libgcc.a(_usi_to_sf.o)
 .debug_frame   0x00000140       0x20 c:/users/ziad/downloads/sdk_win_64/winavr/bin/../lib/gcc/avr/4.3.3/avr5\libgcc.a(_clzsi2.o)
 .debug_frame   0x00000160       0x20 c:/users/ziad/downloads/sdk_win_64/winavr/bin/../lib/gcc/avr/4.3.3/avr5\libgcc.a(_pack_sf.o)
 .debug_frame   0x00000180       0x20 c:/users/ziad/downloads/sdk_win_64/winavr/bin/../lib/gcc/avr/4.3.3/avr5\libgcc.a(_unpack_sf.o)
 .debug_frame   0x000001a0       0x20 c:/users/ziad/downloads/sdk_win_64/winavr/bin/../lib/gcc/avr/4.3.3/avr5\libgcc.a(_fpcmp_parts_sf.o)

.debug_str      0x00000000      0x332
 *(.debug_str)
 .debug_str     0x00000000       0xe6 c:/users/ziad/downloads/sdk_win_64/winavr/bin/../lib/gcc/avr/4.3.3/avr5\libgcc.a(_lshrdi3.o)
                                0x131 (size before relaxing)
 .debug_str     0x000000e6       0x14 c:/users/ziad/downloads/sdk_win_64/winavr/bin/../lib/gcc/avr/4.3.3/avr5\libgcc.a(_fixunssfsi.o)
                                 0xfe (size before relaxing)
 .debug_str     0x000000fa      0x14d c:/users/ziad/downloads/sdk_win_64/winavr/bin/../lib/gcc/avr/4.3.3/avr5\libgcc.a(_addsub_sf.o)
                                0x206 (size before relaxing)
 .debug_str     0x00000247       0x27 c:/users/ziad/downloads/sdk_win_64/winavr/bin/../lib/gcc/avr/4.3.3/avr5\libgcc.a(_mul_sf.o)
                                0x1bf (size before relaxing)
 .debug_str     0x0000026e       0x35 c:/users/ziad/downloads/sdk_win_64/winavr/bin/../lib/gcc/avr/4.3.3/avr5\libgcc.a(_div_sf.o)
                                0x1c8 (size before relaxing)
 .debug_str     0x000002a3        0x8 c:/users/ziad/downloads/sdk_win_64/winavr/bin/../lib/gcc/avr/4.3.3/avr5\libgcc.a(_ge_sf.o)
                                0x195 (size before relaxing)
 .debug_str     0x000002ab       0x1e c:/users/ziad/downloads/sdk_win_64/winavr/bin/../lib/gcc/avr/4.3.3/avr5\libgcc.a(_si_to_sf.o)
                                0x17b (size before relaxing)
 .debug_str     0x000002c9        0xa c:/users/ziad/downloads/sdk_win_64/winavr/bin/../lib/gcc/avr/4.3.3/avr5\libgcc.a(_sf_to_si.o)
                                0x19e (size before relaxing)
 .debug_str     0x00000000      0x103 c:/users/ziad/downloads/sdk_win_64/winavr/bin/../lib/gcc/avr/4.3.3/avr5\libgcc.a(_thenan_sf.o)
 .debug_str     0x000002d3       0x14 c:/users/ziad/downloads/sdk_win_64/winavr/bin/../lib/gcc/avr/4.3.3/avr5\libgcc.a(_usi_to_sf.o)
                                0x177 (size before relaxing)
 .debug_str     0x000002e7       0x20 c:/users/ziad/downloads/sdk_win_64/winavr/bin/../lib/gcc/avr/4.3.3/avr5\libgcc.a(_clzsi2.o)
                                0x111 (size before relaxing)
 .debug_str     0x00000307       0x10 c:/users/ziad/downloads/sdk_win_64/winavr/bin/../lib/gcc/avr/4.3.3/avr5\libgcc.a(_pack_sf.o)
                                0x19d (size before relaxing)
 .debug_str     0x00000317        0xb c:/users/ziad/downloads/sdk_win_64/winavr/bin/../lib/gcc/avr/4.3.3/avr5\libgcc.a(_unpack_sf.o)
                                0x17f (size before relaxing)
 .debug_str     0x00000322       0x10 c:/users/ziad/downloads/sdk_win_64/winavr/bin/../lib/gcc/avr/4.3.3/avr5\libgcc.a(_fpcmp_parts_sf.o)
                                0x163 (size before relaxing)
 .debug_str     0x00000000       0xf4 c:/users/ziad/downloads/sdk_win_64/winavr/bin/../lib/gcc/avr/4.3.3/avr5\libgcc.a(_clz.o)

.debug_loc      0x00000000      0xa9a
 *(.debug_loc)
 .debug_loc     0x00000000       0xf8 c:/users/ziad/downloads/sdk_win_64/winavr/bin/../lib/gcc/avr/4.3.3/avr5\libgcc.a(_lshrdi3.o)
 .debug_loc     0x000000f8       0x34 c:/users/ziad/downloads/sdk_win_64/winavr/bin/../lib/gcc/avr/4.3.3/avr5\libgcc.a(_fixunssfsi.o)
 .debug_loc     0x0000012c      0x32a c:/users/ziad/downloads/sdk_win_64/winavr/bin/../lib/gcc/avr/4.3.3/avr5\libgcc.a(_addsub_sf.o)
 .debug_loc     0x00000456      0x104 c:/users/ziad/downloads/sdk_win_64/winavr/bin/../lib/gcc/avr/4.3.3/avr5\libgcc.a(_mul_sf.o)
 .debug_loc     0x0000055a       0xc0 c:/users/ziad/downloads/sdk_win_64/winavr/bin/../lib/gcc/avr/4.3.3/avr5\libgcc.a(_div_sf.o)
 .debug_loc     0x0000061a       0x3c c:/users/ziad/downloads/sdk_win_64/winavr/bin/../lib/gcc/avr/4.3.3/avr5\libgcc.a(_ge_sf.o)
 .debug_loc     0x00000656       0xac c:/users/ziad/downloads/sdk_win_64/winavr/bin/../lib/gcc/avr/4.3.3/avr5\libgcc.a(_si_to_sf.o)
 .debug_loc     0x00000702       0x7e c:/users/ziad/downloads/sdk_win_64/winavr/bin/../lib/gcc/avr/4.3.3/avr5\libgcc.a(_sf_to_si.o)
 .debug_loc     0x00000780       0x4c c:/users/ziad/downloads/sdk_win_64/winavr/bin/../lib/gcc/avr/4.3.3/avr5\libgcc.a(_usi_to_sf.o)
 .debug_loc     0x000007cc       0x94 c:/users/ziad/downloads/sdk_win_64/winavr/bin/../lib/gcc/avr/4.3.3/avr5\libgcc.a(_clzsi2.o)
 .debug_loc     0x00000860      0x13e c:/users/ziad/downloads/sdk_win_64/winavr/bin/../lib/gcc/avr/4.3.3/avr5\libgcc.a(_pack_sf.o)
 .debug_loc     0x0000099e       0xac c:/users/ziad/downloads/sdk_win_64/winavr/bin/../lib/gcc/avr/4.3.3/avr5\libgcc.a(_unpack_sf.o)
 .debug_loc     0x00000a4a       0x50 c:/users/ziad/downloads/sdk_win_64/winavr/bin/../lib/gcc/avr/4.3.3/avr5\libgcc.a(_fpcmp_parts_sf.o)

.debug_macinfo
 *(.debug_macinfo)
OUTPUT(PWM_project.elf elf32-avr)
LOAD linker stubs

.debug_ranges   0x00000000       0x50
 .debug_ranges  0x00000000       0x50 c:/users/ziad/downloads/sdk_win_64/winavr/bin/../lib/gcc/avr/4.3.3/avr5\libgcc.a(_mul_sf.o)
